golden syrian siberian hamster elephant hamsters spragueâ€“dawley post-genomic outbred gerbils estrogen-induced mopane africana rainbow sprague-dawley armadillo emphysematous ops auratus male wistar