expected anticipated overall likely average estimated tends risk-adjusted sizable desired modest high approximate hardy-weinberg hardyâ€“weinberg appreciable tend unexpected expect marginal unlikely